// Jest Snapshot v1, https://goo.gl/fbAQLP

exports[`Components > Quiz > QuizNav should render correctly 1`] = `
<DocumentFragment>
  <div
    class="css-0"
  >
    <div
      class="css-0"
    >
      <button
        class="chakra-button css-0"
        type="button"
      >
        <svg
          class="chakra-icon css-onkibi"
          focusable="false"
          viewBox="0 0 24 24"
        >
          <path
            d="M15.41 7.41L14 6l-6 6 6 6 1.41-1.41L10.83 12z"
            fill="currentColor"
          />
        </svg>
        Back
      </button>
    </div>
    <div
      class="css-0"
    >
      <div
        class="css-0"
      >
        <svg
          class="chakra-icon css-19pt3uk"
          focusable="false"
          viewBox="0 0 14 14"
        >
          <g
            fill="currentColor"
          >
            <polygon
              points="5.5 11.9993304 14 3.49933039 12.5 2 5.5 8.99933039 1.5 4.9968652 0 6.49933039"
            />
          </g>
        </svg>
      </div>
      <div
        class="css-0"
      >
        <svg
          class="chakra-icon css-19pt3uk"
          focusable="false"
          viewBox="0 0 24 24"
        >
          <path
            d="M.439,21.44a1.5,1.5,0,0,0,2.122,2.121L11.823,14.3a.25.25,0,0,1,.354,0l9.262,9.263a1.5,1.5,0,1,0,2.122-2.121L14.3,12.177a.25.25,0,0,1,0-.354l9.263-9.262A1.5,1.5,0,0,0,21.439.44L12.177,9.7a.25.25,0,0,1-.354,0L2.561.44A1.5,1.5,0,0,0,.439,2.561L9.7,11.823a.25.25,0,0,1,0,.354Z"
            fill="currentColor"
          />
        </svg>
      </div>
      <div
        class="css-0"
      >
        <svg
          class="chakra-icon css-19pt3uk"
          focusable="false"
          viewBox="0 0 24 24"
        >
          <path
            d="M.439,21.44a1.5,1.5,0,0,0,2.122,2.121L11.823,14.3a.25.25,0,0,1,.354,0l9.262,9.263a1.5,1.5,0,1,0,2.122-2.121L14.3,12.177a.25.25,0,0,1,0-.354l9.263-9.262A1.5,1.5,0,0,0,21.439.44L12.177,9.7a.25.25,0,0,1-.354,0L2.561.44A1.5,1.5,0,0,0,.439,2.561L9.7,11.823a.25.25,0,0,1,0,.354Z"
            fill="currentColor"
          />
        </svg>
      </div>
      <div
        class="css-0"
      >
        <svg
          class="chakra-icon css-19pt3uk"
          focusable="false"
          viewBox="0 0 24 24"
        >
          <path
            d="M.439,21.44a1.5,1.5,0,0,0,2.122,2.121L11.823,14.3a.25.25,0,0,1,.354,0l9.262,9.263a1.5,1.5,0,1,0,2.122-2.121L14.3,12.177a.25.25,0,0,1,0-.354l9.263-9.262A1.5,1.5,0,0,0,21.439.44L12.177,9.7a.25.25,0,0,1-.354,0L2.561.44A1.5,1.5,0,0,0,.439,2.561L9.7,11.823a.25.25,0,0,1,0,.354Z"
            fill="currentColor"
          />
        </svg>
      </div>
    </div>
    <div
      class="css-0"
    >
      <button
        class="chakra-button css-0"
        disabled=""
        type="button"
      >
        <svg
          class="chakra-icon css-onkibi"
          focusable="false"
          viewBox="0 0 24 24"
        >
          <path
            d="M10 6L8.59 7.41 13.17 12l-4.58 4.59L10 18l6-6z"
            fill="currentColor"
          />
        </svg>
        Next
      </button>
    </div>
  </div>
</DocumentFragment>
`;
